// Jest Snapshot v1, https://goo.gl/fbAQLP

exports[`parseCommit returns a parsed git commit 1`] = `
{
  "authorEmail": "mpackard@wayfair.com",
  "authorName": "Morgan Packard",
  "date": "Mon, 22 Jan 2018 16:57:54 -0500",
  "filesAdded": [
    {
      "path": "packages/distillery/src/index.js",
    },
    {
      "path": "directory/t t.md",
    },
  ],
  "filesDeleted": [
    {
      "path": "packages/git-parse/index.js",
    },
    {
      "path": "directory/t2 t2.md",
    },
  ],
  "filesModified": [
    {
      "path": "README.md",
    },
    {
      "path": "READ ME.md",
    },
  ],
  "filesRenamed": [
    {
      "newPath": "packages/distillery/src/__tests__/index.spec.js",
      "oldPath": "packages/git-parse/__tests__/index.spec.js",
    },
  ],
  "hash": "e0ee5254a1fc156dd8a3d3f4e8c9322e1fc0793a",
  "message": "add flow",
}
`;
